192.168.1.5 - - [09/Nov/2018:12:36:19 -0500] "GET /page/login HTTP/1.1" 200 5353 http-bio-8088-exec-1 1221
192.168.1.5 - - [09/Nov/2018:12:36:19 -0500] "GET /css/login-register.css HTTP/1.1" 200 5639 http-bio-8088-exec-3 11
192.168.1.5 - - [09/Nov/2018:12:36:19 -0500] "GET /css/header.css HTTP/1.1" 200 2747 http-bio-8088-exec-2 18
192.168.1.5 - - [09/Nov/2018:12:36:19 -0500] "GET /css/footer.css HTTP/1.1" 200 1475 http-bio-8088-exec-4 11
192.168.1.5 - - [09/Nov/2018:12:36:19 -0500] "GET /css/loading.css HTTP/1.1" 200 1518 http-bio-8088-exec-5 11
192.168.1.5 - - [09/Nov/2018:12:36:19 -0500] "GET /js/constants.js HTTP/1.1" 200 311 http-bio-8088-exec-6 6
192.168.1.5 - - [09/Nov/2018:12:36:19 -0500] "GET /images/logo.svg HTTP/1.1" 200 8124 http-bio-8088-exec-7 6
192.168.1.5 - - [09/Nov/2018:12:36:19 -0500] "GET /images/icons/view.svg HTTP/1.1" 200 1260 http-bio-8088-exec-9 3
192.168.1.5 - - [09/Nov/2018:12:36:19 -0500] "GET /js/inputValidation.js HTTP/1.1" 200 973 http-bio-8088-exec-6 2
192.168.1.5 - - [09/Nov/2018:12:36:19 -0500] "GET /js/login-register.js HTTP/1.1" 200 1960 http-bio-8088-exec-2 3
192.168.1.5 - - [09/Nov/2018:12:36:19 -0500] "GET /js/common.js HTTP/1.1" 200 984 http-bio-8088-exec-8 3
192.168.1.5 - - [09/Nov/2018:12:36:19 -0500] "GET /js/login.js HTTP/1.1" 200 1118 http-bio-8088-exec-4 4
192.168.1.5 - - [09/Nov/2018:12:36:19 -0500] "GET /js/register.js HTTP/1.1" 200 3680 http-bio-8088-exec-10 6
192.168.1.5 - - [09/Nov/2018:12:36:19 -0500] "GET /js/jquery-3.3.1.min.js HTTP/1.1" 200 86927 http-bio-8088-exec-7 17
192.168.1.5 - - [09/Nov/2018:12:36:19 -0500] "GET /favicon.ico HTTP/1.1" 404 949 http-bio-8088-exec-7 2
192.168.1.5 - - [09/Nov/2018:12:36:26 -0500] "POST /user/login HTTP/1.1" 200 326 http-bio-8088-exec-7 2900
192.168.1.5 - - [09/Nov/2018:12:36:26 -0500] "POST /user/login HTTP/1.1" 200 326 http-bio-8088-exec-6 798
192.168.1.3 - - [09/Nov/2018:12:36:31 -0500] "GET /page/login HTTP/1.1" 200 5353 http-bio-8088-exec-3 14
192.168.1.3 - - [09/Nov/2018:12:36:31 -0500] "GET /css/header.css HTTP/1.1" 200 2747 http-bio-8088-exec-3 5
192.168.1.3 - - [09/Nov/2018:12:36:31 -0500] "GET /css/login-register.css HTTP/1.1" 200 5639 http-bio-8088-exec-5 6
192.168.1.3 - - [09/Nov/2018:12:36:31 -0500] "GET /css/footer.css HTTP/1.1" 200 1475 http-bio-8088-exec-10 8
192.168.1.3 - - [09/Nov/2018:12:36:31 -0500] "GET /css/loading.css HTTP/1.1" 200 1518 http-bio-8088-exec-11 8
192.168.1.3 - - [09/Nov/2018:12:36:31 -0500] "GET /js/constants.js HTTP/1.1" 200 311 http-bio-8088-exec-3 4
192.168.1.3 - - [09/Nov/2018:12:36:31 -0500] "GET /images/logo.svg HTTP/1.1" 200 8124 http-bio-8088-exec-12 6
192.168.1.3 - - [09/Nov/2018:12:36:31 -0500] "GET /images/icons/view.svg HTTP/1.1" 200 1260 http-bio-8088-exec-7 2
192.168.1.3 - - [09/Nov/2018:12:36:31 -0500] "GET /js/inputValidation.js HTTP/1.1" 200 973 http-bio-8088-exec-7 6
192.168.1.3 - - [09/Nov/2018:12:36:31 -0500] "GET /js/login-register.js HTTP/1.1" 200 1960 http-bio-8088-exec-11 6
192.168.1.3 - - [09/Nov/2018:12:36:31 -0500] "GET /js/login.js HTTP/1.1" 200 1118 http-bio-8088-exec-5 19
192.168.1.3 - - [09/Nov/2018:12:36:31 -0500] "GET /js/common.js HTTP/1.1" 200 984 http-bio-8088-exec-13 13
192.168.1.3 - - [09/Nov/2018:12:36:31 -0500] "GET /js/register.js HTTP/1.1" 200 3680 http-bio-8088-exec-14 25
192.168.1.3 - - [09/Nov/2018:12:36:31 -0500] "GET /js/jquery-3.3.1.min.js HTTP/1.1" 200 86927 http-bio-8088-exec-3 39
192.168.1.3 - - [09/Nov/2018:12:36:31 -0500] "GET /favicon.ico HTTP/1.1" 404 949 http-bio-8088-exec-3 5
192.168.1.5 - - [09/Nov/2018:12:36:32 -0500] "GET /user/token/2d1fe228-244d-42ee-af2c-cf4fa936fca7?callback=jQuery33108678626948054784_1541784991746&_=1541784991747 HTTP/1.1" 200 322 http-bio-8088-exec-4 66
192.168.1.3 - - [09/Nov/2018:12:36:32 -0500] "POST /user/login HTTP/1.1" 200 73 http-bio-8088-exec-3 58
192.168.1.3 - - [09/Nov/2018:12:36:41 -0500] "POST /user/login HTTP/1.1" 200 320 http-bio-8088-exec-3 70
192.168.1.5 - - [09/Nov/2018:12:36:44 -0500] "GET /page/login HTTP/1.1" 200 5353 http-bio-8088-exec-14 8
192.168.1.5 - - [09/Nov/2018:12:36:44 -0500] "GET /css/login-register.css HTTP/1.1" 200 5639 http-bio-8088-exec-1 19
192.168.1.5 - - [09/Nov/2018:12:36:44 -0500] "GET /css/header.css HTTP/1.1" 200 2747 http-bio-8088-exec-14 22
192.168.1.5 - - [09/Nov/2018:12:36:44 -0500] "GET /css/loading.css HTTP/1.1" 200 1518 http-bio-8088-exec-14 3
192.168.1.5 - - [09/Nov/2018:12:36:44 -0500] "GET /images/icons/view.svg HTTP/1.1" 200 1260 http-bio-8088-exec-1 3
192.168.1.5 - - [09/Nov/2018:12:36:44 -0500] "GET /js/constants.js HTTP/1.1" 200 311 http-bio-8088-exec-14 4
192.168.1.5 - - [09/Nov/2018:12:36:44 -0500] "GET /images/logo.svg HTTP/1.1" 200 8124 http-bio-8088-exec-1 3
192.168.1.5 - - [09/Nov/2018:12:36:44 -0500] "GET /css/footer.css HTTP/1.1" 200 1475 http-bio-8088-exec-2 16
192.168.1.5 - - [09/Nov/2018:12:36:44 -0500] "GET /js/inputValidation.js HTTP/1.1" 200 973 http-bio-8088-exec-4 2
192.168.1.5 - - [09/Nov/2018:12:36:44 -0500] "GET /js/login-register.js HTTP/1.1" 200 1960 http-bio-8088-exec-2 2
192.168.1.5 - - [09/Nov/2018:12:36:44 -0500] "GET /js/register.js HTTP/1.1" 200 3680 http-bio-8088-exec-14 2
192.168.1.5 - - [09/Nov/2018:12:36:44 -0500] "GET /js/login.js HTTP/1.1" 200 1118 http-bio-8088-exec-9 2
192.168.1.5 - - [09/Nov/2018:12:36:44 -0500] "GET /js/common.js HTTP/1.1" 200 984 http-bio-8088-exec-1 1
192.168.1.5 - - [09/Nov/2018:12:36:44 -0500] "GET /js/jquery-3.3.1.min.js HTTP/1.1" 200 86927 http-bio-8088-exec-8 21
192.168.1.3 - - [09/Nov/2018:12:36:45 -0500] "GET /user/token/e9a51f1d-e3c6-43a5-8f1b-171046221121?callback=jQuery331010026791291864812_1541785004952&_=1541785004953 HTTP/1.1" 200 317 http-bio-8088-exec-3 27
192.168.1.5 - - [09/Nov/2018:12:36:49 -0500] "POST /user/login HTTP/1.1" 200 326 http-bio-8088-exec-8 68
192.168.1.3 - - [09/Nov/2018:12:36:52 -0500] "GET /user/token/e9a51f1d-e3c6-43a5-8f1b-171046221121?callback=jQuery331018341503014820137_1541785012275&_=1541785012276 HTTP/1.1" 200 317 http-bio-8088-exec-3 7
192.168.1.5 - - [09/Nov/2018:12:36:52 -0500] "GET /user/token/1364fb33-382a-49b1-b444-e7907d1921c7?callback=jQuery33104803068250493827_1541785012277&_=1541785012278 HTTP/1.1" 200 322 http-bio-8088-exec-8 19
192.168.1.3 - - [09/Nov/2018:12:36:57 -0500] "GET /user/token/e9a51f1d-e3c6-43a5-8f1b-171046221121?callback=jQuery33103620594235910297_1541785017192&_=1541785017193 HTTP/1.1" 200 316 http-bio-8088-exec-3 16
192.168.1.5 - - [09/Nov/2018:12:36:58 -0500] "GET /user/token/1364fb33-382a-49b1-b444-e7907d1921c7?callback=jQuery331017562656761480544_1541785018163&_=1541785018164 HTTP/1.1" 200 323 http-bio-8088-exec-6 20
192.168.1.3 - - [09/Nov/2018:12:37:05 -0500] "GET /user/token/e9a51f1d-e3c6-43a5-8f1b-171046221121?callback=jQuery331002496500000573132_1541785025293&_=1541785025294 HTTP/1.1" 200 317 http-bio-8088-exec-3 31
192.168.1.5 - - [09/Nov/2018:12:37:28 -0500] "GET /user/token/1364fb33-382a-49b1-b444-e7907d1921c7?callback=jQuery3310027051049507493374_1541785048194&_=1541785048195 HTTP/1.1" 200 324 http-bio-8088-exec-6 17
192.168.1.5 - - [09/Nov/2018:15:03:58 -0500] "GET /user/token/1364fb33-382a-49b1-b444-e7907d1921c7?callback=jQuery33109401021717075901_1541793837600&_=1541793837601 HTTP/1.1" 200 322 http-bio-8088-exec-5 57
192.168.1.5 - - [09/Nov/2018:15:04:23 -0500] "GET /user/token/1364fb33-382a-49b1-b444-e7907d1921c7?callback=jQuery33103817771422265388_1541793863226&_=1541793863227 HTTP/1.1" 200 322 http-bio-8088-exec-5 10
192.168.1.5 - - [09/Nov/2018:15:04:28 -0500] "GET /user/token/1364fb33-382a-49b1-b444-e7907d1921c7?callback=jQuery33106205069437343964_1541793867638&_=1541793867639 HTTP/1.1" 200 322 http-bio-8088-exec-5 12
192.168.1.5 - - [09/Nov/2018:15:04:32 -0500] "GET /user/token/1364fb33-382a-49b1-b444-e7907d1921c7?callback=jQuery33107859521238086153_1541793871652&_=1541793871653 HTTP/1.1" 200 322 http-bio-8088-exec-5 20
192.168.1.5 - - [09/Nov/2018:15:05:23 -0500] "GET /user/token/1364fb33-382a-49b1-b444-e7907d1921c7?callback=jQuery331039961643480300957_1541793922481&_=1541793922482 HTTP/1.1" 200 323 http-bio-8088-exec-5 29
192.168.1.5 - - [09/Nov/2018:15:05:26 -0500] "GET /user/token/1364fb33-382a-49b1-b444-e7907d1921c7?callback=jQuery33104142362110693447_1541793925706&_=1541793925707 HTTP/1.1" 200 322 http-bio-8088-exec-5 21
192.168.1.5 - - [09/Nov/2018:15:11:17 -0500] "GET /user/token/1364fb33-382a-49b1-b444-e7907d1921c7?callback=jQuery331007868095234934946_1541794277134&_=1541794277135 HTTP/1.1" 200 323 http-bio-8088-exec-6 50
192.168.1.5 - - [09/Nov/2018:15:11:29 -0500] "GET /user/token/1364fb33-382a-49b1-b444-e7907d1921c7?callback=jQuery331037807193426276675_1541794288431&_=1541794288432 HTTP/1.1" 200 323 http-bio-8088-exec-6 27
192.168.1.5 - - [09/Nov/2018:15:11:31 -0500] "GET /user/token/1364fb33-382a-49b1-b444-e7907d1921c7?callback=jQuery33101424173711870298_1541794290936&_=1541794290937 HTTP/1.1" 200 322 http-bio-8088-exec-6 30
192.168.1.5 - - [09/Nov/2018:15:30:33 -0500] "GET /user/token/1364fb33-382a-49b1-b444-e7907d1921c7?callback=jQuery331037015379606585097_1541795432585&_=1541795432586 HTTP/1.1" 200 323 http-bio-8088-exec-4 13
192.168.1.3 - - [09/Nov/2018:15:30:50 -0500] "GET /user/token/e9a51f1d-e3c6-43a5-8f1b-171046221121?callback=jQuery331068399666357547_1541795450036&_=1541795450037 HTTP/1.1" 200 314 http-bio-8088-exec-14 29
192.168.1.3 - - [09/Nov/2018:15:30:52 -0500] "GET /user/token/e9a51f1d-e3c6-43a5-8f1b-171046221121?callback=jQuery33106027309964103746_1541795452456&_=1541795452457 HTTP/1.1" 200 316 http-bio-8088-exec-14 22
192.168.1.3 - - [09/Nov/2018:15:30:56 -0500] "GET /user/token/e9a51f1d-e3c6-43a5-8f1b-171046221121?callback=jQuery3310611742611526791_1541795455835&_=1541795455836 HTTP/1.1" 200 315 http-bio-8088-exec-14 22
192.168.1.5 - - [09/Nov/2018:15:31:15 -0500] "GET /user/token/1364fb33-382a-49b1-b444-e7907d1921c7?callback=jQuery33101881418037545759_1541795474937&_=1541795474938 HTTP/1.1" 200 322 http-bio-8088-exec-4 7
192.168.1.5 - - [09/Nov/2018:15:31:45 -0500] "GET /user/token/1364fb33-382a-49b1-b444-e7907d1921c7?callback=jQuery3310062037064384850904_1541795505138&_=1541795505139 HTTP/1.1" 200 324 http-bio-8088-exec-4 7
192.168.1.3 - - [09/Nov/2018:15:32:09 -0500] "GET /user/token/e9a51f1d-e3c6-43a5-8f1b-171046221121?callback=jQuery33108412823537824752_1541795529481&_=1541795529482 HTTP/1.1" 200 316 http-bio-8088-exec-12 19
192.168.1.3 - - [09/Nov/2018:15:37:02 -0500] "GET /user/token/e9a51f1d-e3c6-43a5-8f1b-171046221121?callback=jQuery33106341439568581426_1541795822346&_=1541795822347 HTTP/1.1" 200 316 http-bio-8088-exec-2 34
192.168.1.3 - - [09/Nov/2018:15:37:05 -0500] "GET /user/token/e9a51f1d-e3c6-43a5-8f1b-171046221121?callback=jQuery33103056989655793456_1541795825355&_=1541795825356 HTTP/1.1" 200 316 http-bio-8088-exec-2 31
192.168.1.3 - - [09/Nov/2018:15:37:07 -0500] "GET /user/token/e9a51f1d-e3c6-43a5-8f1b-171046221121?callback=jQuery33106531735884303835_1541795827483&_=1541795827484 HTTP/1.1" 200 316 http-bio-8088-exec-2 21
192.168.1.5 - - [09/Nov/2018:15:39:29 -0500] "GET /user/token/1364fb33-382a-49b1-b444-e7907d1921c7?callback=jQuery33109124838951913559_1541795968567&_=1541795968568 HTTP/1.1" 200 322 http-bio-8088-exec-3 9
192.168.1.5 - - [09/Nov/2018:15:41:38 -0500] "GET /user/token/1364fb33-382a-49b1-b444-e7907d1921c7?callback=jQuery3310951046699452629_1541796097529&_=1541796097530 HTTP/1.1" 200 321 http-bio-8088-exec-14 9
192.168.1.5 - - [09/Nov/2018:15:45:38 -0500] "GET /user/token/1364fb33-382a-49b1-b444-e7907d1921c7?callback=jQuery33105550882385338007_1541796337524&_=1541796337525 HTTP/1.1" 200 322 http-bio-8088-exec-4 10
192.168.1.5 - - [09/Nov/2018:15:50:03 -0500] "GET /user/token/1364fb33-382a-49b1-b444-e7907d1921c7?callback=jQuery33107487273610666767_1541796603709&_=1541796603710 HTTP/1.1" 200 322 http-bio-8088-exec-9 10
192.168.1.5 - - [09/Nov/2018:15:50:48 -0500] "GET /user/token/1364fb33-382a-49b1-b444-e7907d1921c7?callback=jQuery33107267681082952391_1541796648068&_=1541796648069 HTTP/1.1" 200 322 http-bio-8088-exec-9 20
192.168.1.5 - - [09/Nov/2018:15:53:24 -0500] "GET /user/token/1364fb33-382a-49b1-b444-e7907d1921c7?callback=jQuery331038321416206115466_1541796804350&_=1541796804351 HTTP/1.1" 200 323 http-bio-8088-exec-2 23
192.168.1.3 - - [09/Nov/2018:15:53:28 -0500] "GET /user/token/e9a51f1d-e3c6-43a5-8f1b-171046221121?callback=jQuery33101593720852699252_1541796808269&_=1541796808270 HTTP/1.1" 200 316 http-bio-8088-exec-3 23
192.168.1.5 - - [09/Nov/2018:15:55:47 -0500] "GET /user/token/1364fb33-382a-49b1-b444-e7907d1921c7?callback=jQuery331011832228950618662_1541796946751&_=1541796946752 HTTP/1.1" 200 323 http-bio-8088-exec-14 9
192.168.1.5 - - [09/Nov/2018:15:56:23 -0500] "GET /user/token/1364fb33-382a-49b1-b444-e7907d1921c7?callback=jQuery3310168636940856983_1541796983114&_=1541796983115 HTTP/1.1" 200 321 http-bio-8088-exec-14 15
192.168.1.5 - - [09/Nov/2018:15:57:03 -0500] "GET /user/token/1364fb33-382a-49b1-b444-e7907d1921c7?callback=jQuery331007257619882558042_1541797023401&_=1541797023402 HTTP/1.1" 200 323 http-bio-8088-exec-14 5
192.168.1.5 - - [09/Nov/2018:15:57:28 -0500] "GET /user/token/1364fb33-382a-49b1-b444-e7907d1921c7?callback=jQuery331013138927384942534_1541797047770&_=1541797047771 HTTP/1.1" 200 323 http-bio-8088-exec-14 11
192.168.1.5 - - [09/Nov/2018:15:57:53 -0500] "GET /user/token/1364fb33-382a-49b1-b444-e7907d1921c7?callback=jQuery331012872362629826783_1541797072891&_=1541797072892 HTTP/1.1" 200 323 http-bio-8088-exec-14 8
192.168.1.5 - - [09/Nov/2018:16:01:00 -0500] "GET /user/token/1364fb33-382a-49b1-b444-e7907d1921c7?callback=jQuery3310552961045731851_1541797260183&_=1541797260184 HTTP/1.1" 200 321 http-bio-8088-exec-13 27
192.168.1.5 - - [09/Nov/2018:16:01:23 -0500] "GET /user/token/1364fb33-382a-49b1-b444-e7907d1921c7?callback=jQuery33105905029406385731_1541797283259&_=1541797283260 HTTP/1.1" 200 322 http-bio-8088-exec-13 6
192.168.1.5 - - [09/Nov/2018:16:01:53 -0500] "GET /user/token/1364fb33-382a-49b1-b444-e7907d1921c7?callback=jQuery33105772848673772244_1541797312854&_=1541797312855 HTTP/1.1" 200 322 http-bio-8088-exec-13 7
192.168.1.3 - - [09/Nov/2018:16:01:59 -0500] "GET /user/token/e9a51f1d-e3c6-43a5-8f1b-171046221121?callback=jQuery331010348340382009891_1541797319312&_=1541797319313 HTTP/1.1" 200 317 http-bio-8088-exec-12 22
192.168.1.5 - - [09/Nov/2018:16:03:56 -0500] "GET /user/token/1364fb33-382a-49b1-b444-e7907d1921c7?callback=jQuery331020998546703491816_1541797436009&_=1541797436010 HTTP/1.1" 200 323 http-bio-8088-exec-1 11
192.168.1.5 - - [09/Nov/2018:16:05:01 -0500] "GET /user/token/1364fb33-382a-49b1-b444-e7907d1921c7?callback=jQuery33109403299356753598_1541797501122&_=1541797501123 HTTP/1.1" 200 322 http-bio-8088-exec-9 12
192.168.1.3 - - [09/Nov/2018:16:06:21 -0500] "GET /user/token/e9a51f1d-e3c6-43a5-8f1b-171046221121?callback=jQuery33103582459746606257_1541797581192&_=1541797581193 HTTP/1.1" 200 316 http-bio-8088-exec-6 25
192.168.1.5 - - [09/Nov/2018:16:06:28 -0500] "GET /user/token/1364fb33-382a-49b1-b444-e7907d1921c7?callback=jQuery33105765792057567929_1541797587871&_=1541797587872 HTTP/1.1" 200 322 http-bio-8088-exec-3 17
192.168.1.5 - - [09/Nov/2018:16:06:31 -0500] "GET /user/token/1364fb33-382a-49b1-b444-e7907d1921c7?callback=jQuery33105749468596809859_1541797591393&_=1541797591394 HTTP/1.1" 200 322 http-bio-8088-exec-3 16
192.168.1.5 - - [09/Nov/2018:16:07:04 -0500] "GET /user/token/1364fb33-382a-49b1-b444-e7907d1921c7?callback=jQuery33106085140506884601_1541797623819&_=1541797623820 HTTP/1.1" 200 322 http-bio-8088-exec-3 8
192.168.1.5 - - [09/Nov/2018:16:07:38 -0500] "GET /user/token/1364fb33-382a-49b1-b444-e7907d1921c7?callback=jQuery331004798201711721939_1541797657726&_=1541797657727 HTTP/1.1" 200 323 http-bio-8088-exec-3 14
192.168.1.5 - - [09/Nov/2018:16:08:02 -0500] "GET /user/token/1364fb33-382a-49b1-b444-e7907d1921c7?callback=jQuery33108432441860552251_1541797682257&_=1541797682258 HTTP/1.1" 200 322 http-bio-8088-exec-3 4
192.168.1.3 - - [09/Nov/2018:16:11:03 -0500] "GET /user/token/e9a51f1d-e3c6-43a5-8f1b-171046221121?callback=jQuery33106211856801704188_1541797862806&_=1541797862807 HTTP/1.1" 200 316 http-bio-8088-exec-14 17
192.168.1.5 - - [09/Nov/2018:16:11:15 -0500] "GET /user/token/1364fb33-382a-49b1-b444-e7907d1921c7?callback=jQuery33108459067937866602_1541797875518&_=1541797875519 HTTP/1.1" 200 322 http-bio-8088-exec-2 20
192.168.1.5 - - [09/Nov/2018:16:14:21 -0500] "GET /user/token/1364fb33-382a-49b1-b444-e7907d1921c7?callback=jQuery331040492579155035635_1541798061420&_=1541798061421 HTTP/1.1" 200 323 http-bio-8088-exec-13 13
192.168.1.3 - - [09/Nov/2018:16:14:25 -0500] "GET /user/token/e9a51f1d-e3c6-43a5-8f1b-171046221121?callback=jQuery331043138904964189484_1541798065675&_=1541798065676 HTTP/1.1" 200 317 http-bio-8088-exec-6 13
192.168.1.5 - - [09/Nov/2018:16:16:53 -0500] "GET /user/token/1364fb33-382a-49b1-b444-e7907d1921c7?callback=jQuery33104631289668807623_1541798213579&_=1541798213580 HTTP/1.1" 200 322 http-bio-8088-exec-1 11
192.168.1.3 - - [09/Nov/2018:16:16:55 -0500] "GET /user/token/e9a51f1d-e3c6-43a5-8f1b-171046221121?callback=jQuery33108499013355985416_1541798214846&_=1541798214847 HTTP/1.1" 200 316 http-bio-8088-exec-9 18
192.168.1.3 - - [09/Nov/2018:16:17:03 -0500] "GET /user/token/e9a51f1d-e3c6-43a5-8f1b-171046221121?callback=jQuery331006137728803386833_1541798223011&_=1541798223012 HTTP/1.1" 200 317 http-bio-8088-exec-9 20
192.168.1.5 - - [09/Nov/2018:16:22:31 -0500] "GET /user/token/1364fb33-382a-49b1-b444-e7907d1921c7?callback=jQuery331012141873564052585_1541798551197&_=1541798551198 HTTP/1.1" 200 323 http-bio-8088-exec-2 11
192.168.1.3 - - [09/Nov/2018:16:22:35 -0500] "GET /user/token/e9a51f1d-e3c6-43a5-8f1b-171046221121?callback=jQuery3310913324596576889_1541798555382&_=1541798555383 HTTP/1.1" 200 315 http-bio-8088-exec-6 21
192.168.1.3 - - [09/Nov/2018:17:07:03 -0500] "GET /user/token/e9a51f1d-e3c6-43a5-8f1b-171046221121?callback=jQuery33108904896119491894_1541801222889&_=1541801222890 HTTP/1.1" 200 316 http-bio-8088-exec-5 24
192.168.1.3 - - [09/Nov/2018:17:07:07 -0500] "GET /user/token/e9a51f1d-e3c6-43a5-8f1b-171046221121?callback=jQuery3310685561668106246_1541801227424&_=1541801227425 HTTP/1.1" 200 315 http-bio-8088-exec-5 11
192.168.1.5 - - [09/Nov/2018:17:10:01 -0500] "GET /user/token/1364fb33-382a-49b1-b444-e7907d1921c7?callback=jQuery33103598315734358919_1541801400915&_=1541801400916 HTTP/1.1" 200 322 http-bio-8088-exec-14 5
192.168.1.5 - - [09/Nov/2018:17:11:09 -0500] "GET /user/token/1364fb33-382a-49b1-b444-e7907d1921c7?callback=jQuery33105219555096867603_1541801468500&_=1541801468501 HTTP/1.1" 200 322 http-bio-8088-exec-9 8
192.168.1.5 - - [09/Nov/2018:17:11:14 -0500] "GET /user/token/1364fb33-382a-49b1-b444-e7907d1921c7?callback=jQuery331010062005005817731_1541801474048&_=1541801474049 HTTP/1.1" 200 323 http-bio-8088-exec-9 11
192.168.1.3 - - [09/Nov/2018:17:11:21 -0500] "GET /user/token/e9a51f1d-e3c6-43a5-8f1b-171046221121?callback=jQuery33109754487505914782_1541801481219&_=1541801481220 HTTP/1.1" 200 316 http-bio-8088-exec-2 13
192.168.1.3 - - [09/Nov/2018:17:11:30 -0500] "GET /user/token/e9a51f1d-e3c6-43a5-8f1b-171046221121?callback=jQuery33108498484123255872_1541801490781&_=1541801490782 HTTP/1.1" 200 316 http-bio-8088-exec-2 30
192.168.1.5 - - [09/Nov/2018:17:11:40 -0500] "GET /user/token/1364fb33-382a-49b1-b444-e7907d1921c7?callback=jQuery33107155272619190074_1541801499638&_=1541801499639 HTTP/1.1" 200 322 http-bio-8088-exec-9 11
192.168.1.3 - - [09/Nov/2018:17:11:43 -0500] "GET /user/token/e9a51f1d-e3c6-43a5-8f1b-171046221121?callback=jQuery33103879596634165574_1541801502933&_=1541801502934 HTTP/1.1" 200 316 http-bio-8088-exec-2 14
192.168.1.5 - - [09/Nov/2018:17:11:43 -0500] "GET /user/token/1364fb33-382a-49b1-b444-e7907d1921c7?callback=jQuery33106254175293825348_1541801503142&_=1541801503143 HTTP/1.1" 200 322 http-bio-8088-exec-9 12
192.168.1.3 - - [09/Nov/2018:17:11:50 -0500] "GET /user/token/e9a51f1d-e3c6-43a5-8f1b-171046221121?callback=jQuery33102716384972712764_1541801510097&_=1541801510098 HTTP/1.1" 200 316 http-bio-8088-exec-2 10
192.168.1.3 - - [09/Nov/2018:17:12:27 -0500] "GET /user/token/e9a51f1d-e3c6-43a5-8f1b-171046221121?callback=jQuery33108303465127492409_1541801547675&_=1541801547676 HTTP/1.1" 200 316 http-bio-8088-exec-2 21
192.168.1.5 - - [09/Nov/2018:17:13:43 -0500] "GET /user/token/1364fb33-382a-49b1-b444-e7907d1921c7?callback=jQuery33103849640745872158_1541801622838&_=1541801622839 HTTP/1.1" 200 322 http-bio-8088-exec-13 9
192.168.1.3 - - [09/Nov/2018:17:14:13 -0500] "GET /user/token/e9a51f1d-e3c6-43a5-8f1b-171046221121?callback=jQuery33106397252651485912_1541801653583&_=1541801653584 HTTP/1.1" 200 316 http-bio-8088-exec-3 24
192.168.1.5 - - [09/Nov/2018:17:14:24 -0500] "GET /user/token/1364fb33-382a-49b1-b444-e7907d1921c7?callback=jQuery3310007484095549241454_1541801663688&_=1541801663689 HTTP/1.1" 200 324 http-bio-8088-exec-13 6
192.168.1.5 - - [09/Nov/2018:17:15:14 -0500] "GET /user/token/1364fb33-382a-49b1-b444-e7907d1921c7?callback=jQuery33105911197397073071_1541801714204&_=1541801714205 HTTP/1.1" 200 322 http-bio-8088-exec-13 9
192.168.1.3 - - [09/Nov/2018:17:15:15 -0500] "GET /user/token/e9a51f1d-e3c6-43a5-8f1b-171046221121?callback=jQuery33109909510485224671_1541801715216&_=1541801715217 HTTP/1.1" 200 316 http-bio-8088-exec-1 30
192.168.1.5 - - [09/Nov/2018:17:18:17 -0500] "GET /user/token/1364fb33-382a-49b1-b444-e7907d1921c7?callback=jQuery331030056389440645814_1541801896477&_=1541801896478 HTTP/1.1" 200 323 http-bio-8088-exec-9 7
192.168.1.5 - - [09/Nov/2018:17:18:28 -0500] "GET /user/token/1364fb33-382a-49b1-b444-e7907d1921c7?callback=jQuery331026618939334299374_1541801908113&_=1541801908114 HTTP/1.1" 200 323 http-bio-8088-exec-9 11
192.168.1.5 - - [09/Nov/2018:17:18:32 -0500] "GET /user/token/1364fb33-382a-49b1-b444-e7907d1921c7?callback=jQuery33108889110666514766_1541801912366&_=1541801912367 HTTP/1.1" 200 322 http-bio-8088-exec-9 16
192.168.1.5 - - [09/Nov/2018:17:18:40 -0500] "GET /user/token/1364fb33-382a-49b1-b444-e7907d1921c7?callback=jQuery33109947010397448499_1541801919653&_=1541801919654 HTTP/1.1" 200 322 http-bio-8088-exec-9 8
192.168.1.5 - - [09/Nov/2018:17:18:46 -0500] "GET /user/token/1364fb33-382a-49b1-b444-e7907d1921c7?callback=jQuery33108691307859951001_1541801925902&_=1541801925903 HTTP/1.1" 200 322 http-bio-8088-exec-9 11
192.168.1.5 - - [09/Nov/2018:17:18:48 -0500] "GET /user/token/1364fb33-382a-49b1-b444-e7907d1921c7?callback=jQuery33109752870376754288_1541801928224&_=1541801928225 HTTP/1.1" 200 322 http-bio-8088-exec-9 6
192.168.1.5 - - [09/Nov/2018:17:19:35 -0500] "GET /user/token/1364fb33-382a-49b1-b444-e7907d1921c7?callback=jQuery33108364854487401099_1541801974589&_=1541801974590 HTTP/1.1" 200 322 http-bio-8088-exec-9 12
192.168.1.3 - - [09/Nov/2018:17:19:36 -0500] "GET /user/token/e9a51f1d-e3c6-43a5-8f1b-171046221121?callback=jQuery331043673774195511594_1541801976420&_=1541801976421 HTTP/1.1" 200 317 http-bio-8088-exec-13 4
192.168.1.5 - - [09/Nov/2018:17:20:27 -0500] "GET /user/token/1364fb33-382a-49b1-b444-e7907d1921c7?callback=jQuery33109267294382060676_1541802027470&_=1541802027471 HTTP/1.1" 200 322 http-bio-8088-exec-9 8
192.168.1.5 - - [09/Nov/2018:17:20:36 -0500] "GET /user/token/1364fb33-382a-49b1-b444-e7907d1921c7?callback=jQuery33106732081842554085_1541802035977&_=1541802035978 HTTP/1.1" 200 322 http-bio-8088-exec-9 20
192.168.1.5 - - [09/Nov/2018:17:20:38 -0500] "GET /user/token/1364fb33-382a-49b1-b444-e7907d1921c7?callback=jQuery33106682174419187163_1541802037720&_=1541802037721 HTTP/1.1" 200 322 http-bio-8088-exec-9 5
192.168.1.5 - - [09/Nov/2018:17:22:18 -0500] "GET /user/token/1364fb33-382a-49b1-b444-e7907d1921c7?callback=jQuery331044253610114638753_1541802138365&_=1541802138366 HTTP/1.1" 200 323 http-bio-8088-exec-5 6
192.168.1.5 - - [09/Nov/2018:17:22:22 -0500] "GET /user/token/1364fb33-382a-49b1-b444-e7907d1921c7?callback=jQuery33108769555065323733_1541802141981&_=1541802141982 HTTP/1.1" 200 322 http-bio-8088-exec-5 17
192.168.1.3 - - [09/Nov/2018:17:22:23 -0500] "GET /user/token/e9a51f1d-e3c6-43a5-8f1b-171046221121?callback=jQuery33106915889455127429_1541802143364&_=1541802143365 HTTP/1.1" 200 316 http-bio-8088-exec-4 18
192.168.1.5 - - [09/Nov/2018:17:22:25 -0500] "GET /user/token/1364fb33-382a-49b1-b444-e7907d1921c7?callback=jQuery33104892402318949267_1541802144524&_=1541802144525 HTTP/1.1" 200 322 http-bio-8088-exec-5 12
192.168.1.3 - - [09/Nov/2018:17:22:31 -0500] "GET /user/token/e9a51f1d-e3c6-43a5-8f1b-171046221121?callback=jQuery33103608564627855677_1541802151598&_=1541802151599 HTTP/1.1" 200 316 http-bio-8088-exec-4 16
192.168.1.3 - - [09/Nov/2018:17:22:35 -0500] "GET /user/token/e9a51f1d-e3c6-43a5-8f1b-171046221121?callback=jQuery33106985342432079931_1541802154960&_=1541802154961 HTTP/1.1" 200 316 http-bio-8088-exec-4 6
192.168.1.3 - - [09/Nov/2018:17:23:47 -0500] "GET /user/token/e9a51f1d-e3c6-43a5-8f1b-171046221121?callback=jQuery33109168948620414432_1541802226941&_=1541802226942 HTTP/1.1" 200 316 http-bio-8088-exec-3 28
192.168.1.5 - - [09/Nov/2018:17:24:06 -0500] "GET /user/token/1364fb33-382a-49b1-b444-e7907d1921c7?callback=jQuery331016442738541346813_1541802246037&_=1541802246038 HTTP/1.1" 200 323 http-bio-8088-exec-12 4
192.168.1.5 - - [09/Nov/2018:17:24:14 -0500] "GET /user/token/1364fb33-382a-49b1-b444-e7907d1921c7?callback=jQuery33107147900443902109_1541802253860&_=1541802253861 HTTP/1.1" 200 322 http-bio-8088-exec-12 10
192.168.1.3 - - [09/Nov/2018:17:24:15 -0500] "GET /user/token/e9a51f1d-e3c6-43a5-8f1b-171046221121?callback=jQuery33105004360786201056_1541802255673&_=1541802255674 HTTP/1.1" 200 316 http-bio-8088-exec-3 16
192.168.1.3 - - [09/Nov/2018:17:25:12 -0500] "GET /user/token/e9a51f1d-e3c6-43a5-8f1b-171046221121?callback=jQuery33105939347569172986_1541802312407&_=1541802312408 HTTP/1.1" 200 316 http-bio-8088-exec-3 14
192.168.1.3 - - [09/Nov/2018:17:28:03 -0500] "GET /user/token/e9a51f1d-e3c6-43a5-8f1b-171046221121?callback=jQuery331011210039661283488_1541802483467&_=1541802483468 HTTP/1.1" 200 317 http-bio-8088-exec-5 23
192.168.1.3 - - [09/Nov/2018:17:28:05 -0500] "GET /user/token/e9a51f1d-e3c6-43a5-8f1b-171046221121?callback=jQuery33102625587283348414_1541802485592&_=1541802485593 HTTP/1.1" 200 316 http-bio-8088-exec-5 18
192.168.1.5 - - [09/Nov/2018:17:31:46 -0500] "GET /user/token/1364fb33-382a-49b1-b444-e7907d1921c7?callback=jQuery33102966331420676931_1541802706436&_=1541802706437 HTTP/1.1" 200 322 http-bio-8088-exec-14 22
192.168.1.5 - - [09/Nov/2018:17:32:09 -0500] "GET /user/token/1364fb33-382a-49b1-b444-e7907d1921c7?callback=jQuery33109948286767772521_1541802729308&_=1541802729309 HTTP/1.1" 200 322 http-bio-8088-exec-14 21
192.168.1.3 - - [09/Nov/2018:17:32:26 -0500] "GET /user/token/e9a51f1d-e3c6-43a5-8f1b-171046221121?callback=jQuery33108461559504987934_1541802746567&_=1541802746568 HTTP/1.1" 200 316 http-bio-8088-exec-6 5
192.168.1.5 - - [09/Nov/2018:17:32:27 -0500] "GET /user/token/1364fb33-382a-49b1-b444-e7907d1921c7?callback=jQuery33105347206521867789_1541802747492&_=1541802747493 HTTP/1.1" 200 322 http-bio-8088-exec-14 15
192.168.1.3 - - [09/Nov/2018:17:32:30 -0500] "GET /user/token/e9a51f1d-e3c6-43a5-8f1b-171046221121?callback=jQuery33109847449730157425_1541802750302&_=1541802750303 HTTP/1.1" 200 316 http-bio-8088-exec-6 7
192.168.1.5 - - [09/Nov/2018:17:32:31 -0500] "GET /user/token/1364fb33-382a-49b1-b444-e7907d1921c7?callback=jQuery33109957535369058592_1541802751365&_=1541802751366 HTTP/1.1" 200 322 http-bio-8088-exec-14 19
192.168.1.5 - - [09/Nov/2018:17:32:33 -0500] "GET /user/token/1364fb33-382a-49b1-b444-e7907d1921c7?callback=jQuery331000808432458915953_1541802753283&_=1541802753284 HTTP/1.1" 200 323 http-bio-8088-exec-14 29
192.168.1.5 - - [09/Nov/2018:17:32:54 -0500] "GET /user/token/1364fb33-382a-49b1-b444-e7907d1921c7?callback=jQuery33106315659351572898_1541802774043&_=1541802774044 HTTP/1.1" 200 322 http-bio-8088-exec-14 29
192.168.1.5 - - [09/Nov/2018:17:32:57 -0500] "GET /user/token/1364fb33-382a-49b1-b444-e7907d1921c7?callback=jQuery331022199363594151178_1541802777812&_=1541802777813 HTTP/1.1" 200 323 http-bio-8088-exec-14 6
192.168.1.5 - - [09/Nov/2018:17:33:01 -0500] "GET /user/token/1364fb33-382a-49b1-b444-e7907d1921c7?callback=jQuery3310022241092824971442_1541802780846&_=1541802780847 HTTP/1.1" 200 324 http-bio-8088-exec-14 21
192.168.1.5 - - [09/Nov/2018:17:33:03 -0500] "GET /user/token/1364fb33-382a-49b1-b444-e7907d1921c7?callback=jQuery33106791920243670899_1541802783214&_=1541802783215 HTTP/1.1" 200 322 http-bio-8088-exec-14 16
192.168.1.5 - - [09/Nov/2018:17:33:05 -0500] "GET /user/token/1364fb33-382a-49b1-b444-e7907d1921c7?callback=jQuery33108684495661801128_1541802785098&_=1541802785099 HTTP/1.1" 200 322 http-bio-8088-exec-14 11
192.168.1.5 - - [09/Nov/2018:17:33:08 -0500] "GET /user/token/1364fb33-382a-49b1-b444-e7907d1921c7?callback=jQuery331011100833124876952_1541802788525&_=1541802788526 HTTP/1.1" 200 323 http-bio-8088-exec-14 24
192.168.1.5 - - [09/Nov/2018:17:41:40 -0500] "GET /user/token/1364fb33-382a-49b1-b444-e7907d1921c7?callback=jQuery33106842591568905261_1541803300351&_=1541803300352 HTTP/1.1" 200 322 http-bio-8088-exec-4 31
192.168.1.5 - - [09/Nov/2018:17:41:44 -0500] "GET /user/token/1364fb33-382a-49b1-b444-e7907d1921c7?callback=jQuery3310548224827077815_1541803304263&_=1541803304264 HTTP/1.1" 200 321 http-bio-8088-exec-4 4
192.168.1.3 - - [09/Nov/2018:17:41:52 -0500] "GET /user/token/e9a51f1d-e3c6-43a5-8f1b-171046221121?callback=jQuery331024898190869864423_1541803312513&_=1541803312514 HTTP/1.1" 200 317 http-bio-8088-exec-1 10
192.168.1.5 - - [09/Nov/2018:17:41:55 -0500] "GET /user/token/1364fb33-382a-49b1-b444-e7907d1921c7?callback=jQuery33107504465987320079_1541803315050&_=1541803315051 HTTP/1.1" 200 322 http-bio-8088-exec-4 7
192.168.1.3 - - [09/Nov/2018:17:42:52 -0500] "GET /user/token/e9a51f1d-e3c6-43a5-8f1b-171046221121?callback=jQuery331010224467339158361_1541803371895&_=1541803371896 HTTP/1.1" 200 317 http-bio-8088-exec-1 25
192.168.1.3 - - [09/Nov/2018:17:42:54 -0500] "GET /user/token/e9a51f1d-e3c6-43a5-8f1b-171046221121?callback=jQuery33106133854472395497_1541803374183&_=1541803374184 HTTP/1.1" 200 316 http-bio-8088-exec-1 16
192.168.1.3 - - [09/Nov/2018:17:42:58 -0500] "GET /user/token/e9a51f1d-e3c6-43a5-8f1b-171046221121?callback=jQuery33103567992313228794_1541803377858&_=1541803377859 HTTP/1.1" 200 316 http-bio-8088-exec-1 5
192.168.1.3 - - [09/Nov/2018:17:43:08 -0500] "GET /user/token/e9a51f1d-e3c6-43a5-8f1b-171046221121?callback=jQuery331018650087733427267_1541803387816&_=1541803387817 HTTP/1.1" 200 317 http-bio-8088-exec-1 33
192.168.1.5 - - [09/Nov/2018:17:43:55 -0500] "GET /user/token/1364fb33-382a-49b1-b444-e7907d1921c7?callback=jQuery33105450406519450939_1541803435029&_=1541803435030 HTTP/1.1" 200 322 http-bio-8088-exec-9 8
192.168.1.3 - - [09/Nov/2018:17:44:55 -0500] "GET /user/token/e9a51f1d-e3c6-43a5-8f1b-171046221121?callback=jQuery33104308033923609389_1541803495785&_=1541803495786 HTTP/1.1" 200 316 http-bio-8088-exec-2 12
192.168.1.3 - - [09/Nov/2018:17:44:56 -0500] "GET /user/token/e9a51f1d-e3c6-43a5-8f1b-171046221121?callback=jQuery33105223197404620801_1541803496838&_=1541803496839 HTTP/1.1" 200 316 http-bio-8088-exec-2 5
192.168.1.3 - - [09/Nov/2018:17:44:57 -0500] "GET /user/token/e9a51f1d-e3c6-43a5-8f1b-171046221121?callback=jQuery331014225868546016995_1541803497742&_=1541803497743 HTTP/1.1" 200 317 http-bio-8088-exec-2 10
192.168.1.5 - - [09/Nov/2018:17:45:48 -0500] "GET /user/token/1364fb33-382a-49b1-b444-e7907d1921c7?callback=jQuery33104179646766071967_1541803548672&_=1541803548673 HTTP/1.1" 200 322 http-bio-8088-exec-4 8
192.168.1.3 - - [09/Nov/2018:17:45:49 -0500] "GET /user/token/e9a51f1d-e3c6-43a5-8f1b-171046221121?callback=jQuery33108808486847202406_1541803549452&_=1541803549453 HTTP/1.1" 200 316 http-bio-8088-exec-2 7
192.168.1.3 - - [09/Nov/2018:17:45:54 -0500] "GET /user/token/e9a51f1d-e3c6-43a5-8f1b-171046221121?callback=jQuery33106959769853529205_1541803554514&_=1541803554515 HTTP/1.1" 200 316 http-bio-8088-exec-2 13
192.168.1.3 - - [09/Nov/2018:17:45:55 -0500] "GET /user/token/e9a51f1d-e3c6-43a5-8f1b-171046221121?callback=jQuery33104578382633290048_1541803555410&_=1541803555411 HTTP/1.1" 200 316 http-bio-8088-exec-2 4
192.168.1.3 - - [09/Nov/2018:17:45:56 -0500] "GET /user/token/e9a51f1d-e3c6-43a5-8f1b-171046221121?callback=jQuery331035746030012555563_1541803556062&_=1541803556063 HTTP/1.1" 200 317 http-bio-8088-exec-2 5
192.168.1.3 - - [09/Nov/2018:17:45:56 -0500] "GET /user/token/e9a51f1d-e3c6-43a5-8f1b-171046221121?callback=jQuery33105212237192523572_1541803556813&_=1541803556814 HTTP/1.1" 200 316 http-bio-8088-exec-2 13
192.168.1.5 - - [09/Nov/2018:17:45:58 -0500] "GET /user/token/1364fb33-382a-49b1-b444-e7907d1921c7?callback=jQuery331026562722878260847_1541803558071&_=1541803558072 HTTP/1.1" 200 323 http-bio-8088-exec-4 10
192.168.1.3 - - [09/Nov/2018:17:46:57 -0500] "GET /user/token/e9a51f1d-e3c6-43a5-8f1b-171046221121?callback=jQuery33104542120396533973_1541803617170&_=1541803617171 HTTP/1.1" 200 316 http-bio-8088-exec-13 9
192.168.1.3 - - [09/Nov/2018:17:49:59 -0500] "GET /user/token/e9a51f1d-e3c6-43a5-8f1b-171046221121?callback=jQuery331010447130633216717_1541803799276&_=1541803799277 HTTP/1.1" 200 317 http-bio-8088-exec-14 11
192.168.1.3 - - [09/Nov/2018:17:51:00 -0500] "GET /user/token/e9a51f1d-e3c6-43a5-8f1b-171046221121?callback=jQuery331008171600529433132_1541803860522&_=1541803860523 HTTP/1.1" 200 317 http-bio-8088-exec-1 12
192.168.1.5 - - [09/Nov/2018:17:58:29 -0500] "GET /user/token/1364fb33-382a-49b1-b444-e7907d1921c7?callback=jQuery331004757086736355287_1541804308905&_=1541804308906 HTTP/1.1" 200 323 http-bio-8088-exec-12 7
192.168.1.5 - - [09/Nov/2018:17:58:32 -0500] "GET /user/token/1364fb33-382a-49b1-b444-e7907d1921c7?callback=jQuery33101493615729581237_1541804312167&_=1541804312168 HTTP/1.1" 200 322 http-bio-8088-exec-12 6
